[website3266474.nicepage.io/Home.html]
[backblue.gif]
[fade.gif]
[index.html]
[website3266474.nicepage.io/Home.css]
[capp.nicepage.com/477f6139b2fce3bc7bbbaf730c8e7a3be955ee56/nicepage.css]
[website3266474.nicepage.io/Education.html]
[capp.nicepage.com/477f6139b2fce3bc7bbbaf730c8e7a3be955ee56/nicepage.js]
[website3266474.nicepage.io/nicepage-site.css]
[website3266474.nicepage.io/index.html]
[capp.nicepage.com/assets/jquery-3.5.1.min.js]
[website3266474.nicepage.io/Research.html]
[website3266474.nicepage.io/Experience.html]
[images01.nicepagecdn.com/9ba620058b0461a68375e67f/e8440b91c0fa5c67bbc5a063/zobair.png]
[website3266474.nicepage.io/Home.html]
[capp.nicepage.com/477f6139b2fce3bc7bbbaf730c8e7a3be955ee56/nicepage.css]
[website3266474.nicepage.io/Contact.html]
[website3266474.nicepage.io/nicepage-site.css]
[website3266474.nicepage.io/Home.css]
[capp.nicepage.com/477f6139b2fce3bc7bbbaf730c8e7a3be955ee56/nicepage.js]
[website3266474.nicepage.io/index.html]
[website3266474.nicepage.io/Education.css]
[website3266474.nicepage.io/ABCDEFGHIJKLMNOPQRSTUVWXYZabcdefghijklmnopqrstuvwxyz0123456789+/index.html]
[website3266474.nicepage.io/Education.html]
[website3266474.nicepage.io/Content/BundledScripts/index.html]
[website3266474.nicepage.io/Research.css]
[website3266474.nicepage.io/Research.html]
[website3266474.nicepage.io/Experience.css]
[website3266474.nicepage.io/Experience.html]
[website3266474.nicepage.io/Contact.css]
[www.google.com/recaptcha/api98fd.js]
[website3266474.nicepage.io/Contact.html]
[website3266474.nicepage.io/Content/BundledScripts/index.html]
[website3266474.nicepage.io/ABCDEFGHIJKLMNOPQRSTUVWXYZabcdefghijklmnopqrstuvwxyz0123456789+/index.html]
[website3266474.nicepage.io/Education.css]
[website3266474.nicepage.io/Research.css]
[website3266474.nicepage.io/Experience.css]
[website3266474.nicepage.io/Contact.css]
